// Jest Snapshot v1, https://goo.gl/fbAQLP

exports[`renders correctly 1`] = `
<div>
  <div
    class="MuiGrid-root MuiGrid-container css-11lq3yg-MuiGrid-root"
  >
    <div
      class="MuiGrid-root MuiGrid-item MuiGrid-grid-xs-4 css-gj1fbr-MuiGrid-root"
    >
      <p
        class="MuiTypography-root MuiTypography-body1 css-ahj2mt-MuiTypography-root"
      >
        Reference year:
      </p>
    </div>
    <div
      class="MuiGrid-root MuiGrid-item MuiGrid-grid-xs-8 css-vok43g-MuiGrid-root"
    >
      <span
        class="MuiSlider-colorPrimary MuiSlider-sizeSmall MuiSlider-root MuiSlider-trackFalse css-53tbrc-MuiSlider-root"
      >
        <span
          class="MuiSlider-rail css-14pt78w-MuiSlider-rail"
        />
        <span
          class="MuiSlider-track css-1vjujtc-MuiSlider-track"
          style="left: 0%; width: 20%;"
        />
        <span
          class="MuiSlider-thumbColorPrimary MuiSlider-thumbSizeSmall MuiSlider-thumb css-14gf62f-MuiSlider-thumb"
          data-index="0"
          style="left: 20%;"
        >
          <input
            aria-orientation="horizontal"
            aria-valuemax="2100"
            aria-valuemin="1950"
            aria-valuenow="1980"
            data-index="0"
            max="2100"
            min="1950"
            step="1"
            style="border: 0px; height: 100%; margin: -1px; overflow: hidden; padding: 0px; position: absolute; white-space: nowrap; width: 100%; direction: ltr;"
            type="range"
            value="1980"
          />
          <span
            aria-hidden="true"
            class="MuiSlider-valueLabelOpen MuiSlider-valueLabel css-gdpt3b-MuiSlider-valueLabel"
          >
            <span
              class="MuiSlider-valueLabelCircle"
            >
              <span
                class="MuiSlider-valueLabelLabel"
              >
                1980
              </span>
            </span>
          </span>
        </span>
      </span>
    </div>
  </div>
</div>
`;
