// Jest Snapshot v1, https://goo.gl/fbAQLP

exports[`LandingPage renders correctly 1`] = `
Array [
  <button
    className="MuiButton-root MuiButton-outlined MuiButton-outlinedPrimary MuiButton-sizeMedium MuiButton-outlinedSizeMedium MuiButtonBase-root  css-1rwt2y5-MuiButtonBase-root-MuiButton-root"
    disabled={false}
    onBlur={[Function]}
    onClick={[Function]}
    onContextMenu={[Function]}
    onDragLeave={[Function]}
    onFocus={[Function]}
    onKeyDown={[Function]}
    onKeyUp={[Function]}
    onMouseDown={[Function]}
    onMouseLeave={[Function]}
    onMouseUp={[Function]}
    onTouchEnd={[Function]}
    onTouchMove={[Function]}
    onTouchStart={[Function]}
    tabIndex={0}
    type="button"
  >
    Open Sidebar (Dev)
  </button>,
  <div
    className="MuiDrawer-root MuiDrawer-docked css-19iwfmc-MuiDrawer-docked"
    data-testid="sidebar"
  >
    <div
      className="MuiPaper-root MuiPaper-elevation MuiPaper-elevation0 MuiDrawer-paper MuiDrawer-paperAnchorRight MuiDrawer-paperAnchorDockedRight css-18sg6k4-MuiPaper-root-MuiDrawer-paper"
      style={
        Object {
          "pointerEvents": "",
          "visibility": "hidden",
        }
      }
    >
      <div
        className="css-cfiwj7"
      >
        <button
          className="MuiButtonBase-root MuiIconButton-root MuiIconButton-sizeMedium css-78trlr-MuiButtonBase-root-MuiIconButton-root"
          data-testid="sidebarClose"
          disabled={false}
          onBlur={[Function]}
          onClick={[Function]}
          onContextMenu={[Function]}
          onDragLeave={[Function]}
          onFocus={[Function]}
          onKeyDown={[Function]}
          onKeyUp={[Function]}
          onMouseDown={[Function]}
          onMouseLeave={[Function]}
          onMouseUp={[Function]}
          onTouchEnd={[Function]}
          onTouchMove={[Function]}
          onTouchStart={[Function]}
          tabIndex={0}
          type="button"
        >
          <svg
            aria-hidden={true}
            className="MuiSvgIcon-root MuiSvgIcon-fontSizeMedium css-i4bv87-MuiSvgIcon-root"
            data-testid="CloseIcon"
            focusable="false"
            viewBox="0 0 24 24"
          >
            <path
              d="M19 6.41 17.59 5 12 10.59 6.41 5 5 6.41 10.59 12 5 17.59 6.41 19 12 13.41 17.59 19 19 17.59 13.41 12z"
            />
          </svg>
        </button>
      </div>
      PlotTypeSelector
      <div
        className="MuiPaper-root MuiPaper-elevation MuiPaper-elevation0 MuiAccordion-root css-1dm7ii1-MuiPaper-root-MuiAccordion-root"
        data-testid="section"
      >
        <div
          aria-controls="panel1a-content"
          aria-expanded={false}
          className="MuiButtonBase-root MuiAccordionSummary-root css-1icm36a-MuiButtonBase-root-MuiAccordionSummary-root"
          id="panel1a-header"
          onBlur={[Function]}
          onClick={[Function]}
          onContextMenu={[Function]}
          onDragLeave={[Function]}
          onFocus={[Function]}
          onKeyDown={[Function]}
          onKeyUp={[Function]}
          onMouseDown={[Function]}
          onMouseLeave={[Function]}
          onMouseUp={[Function]}
          onTouchEnd={[Function]}
          onTouchMove={[Function]}
          onTouchStart={[Function]}
          role="button"
          tabIndex={0}
        >
          <div
            className="MuiAccordionSummary-content css-1betqn-MuiAccordionSummary-content"
          >
            <p
              className="MuiTypography-root MuiTypography-body1 css-ahj2mt-MuiTypography-root"
            >
              APPEARANCE
            </p>
          </div>
          <div
            className="MuiAccordionSummary-expandIconWrapper css-yw020d-MuiAccordionSummary-expandIconWrapper"
          >
            <svg
              aria-hidden={true}
              className="MuiSvgIcon-root MuiSvgIcon-fontSizeMedium css-i4bv87-MuiSvgIcon-root"
              data-testid="ExpandMoreIcon"
              focusable="false"
              viewBox="0 0 24 24"
            >
              <path
                d="M16.59 8.59 12 13.17 7.41 8.59 6 10l6 6 6-6z"
              />
            </svg>
          </div>
        </div>
        <div
          className="MuiCollapse-root MuiCollapse-vertical MuiCollapse-hidden css-bz4dnt-MuiCollapse-root"
          style={
            Object {
              "minHeight": "0px",
            }
          }
        >
          <div
            className="MuiCollapse-wrapper MuiCollapse-vertical css-smkl36-MuiCollapse-wrapper"
          >
            <div
              className="MuiCollapse-wrapperInner MuiCollapse-vertical css-9l5vo-MuiCollapse-wrapperInner"
            >
              <div
                aria-labelledby="panel1a-header"
                className="MuiAccordion-region"
                id="panel1a-content"
                role="region"
              >
                <div
                  className="MuiAccordionDetails-root css-ta84vm-MuiAccordionDetails-root"
                >
                  PlotNameField
                  XAxisSlider
                  YAxisSlider
                </div>
              </div>
            </div>
          </div>
        </div>
      </div>
      <div
        className="MuiPaper-root MuiPaper-elevation MuiPaper-elevation0 MuiAccordion-root css-1dm7ii1-MuiPaper-root-MuiAccordion-root"
        data-testid="section"
      >
        <div
          aria-controls="panel1a-content"
          aria-expanded={false}
          className="MuiButtonBase-root MuiAccordionSummary-root css-1icm36a-MuiButtonBase-root-MuiAccordionSummary-root"
          id="panel1a-header"
          onBlur={[Function]}
          onClick={[Function]}
          onContextMenu={[Function]}
          onDragLeave={[Function]}
          onFocus={[Function]}
          onKeyDown={[Function]}
          onKeyUp={[Function]}
          onMouseDown={[Function]}
          onMouseLeave={[Function]}
          onMouseUp={[Function]}
          onTouchEnd={[Function]}
          onTouchMove={[Function]}
          onTouchStart={[Function]}
          role="button"
          tabIndex={0}
        >
          <div
            className="MuiAccordionSummary-content css-1betqn-MuiAccordionSummary-content"
          >
            <p
              className="MuiTypography-root MuiTypography-body1 css-ahj2mt-MuiTypography-root"
            >
              MODELS
            </p>
          </div>
          <div
            className="MuiAccordionSummary-expandIconWrapper css-yw020d-MuiAccordionSummary-expandIconWrapper"
          >
            <svg
              aria-hidden={true}
              className="MuiSvgIcon-root MuiSvgIcon-fontSizeMedium css-i4bv87-MuiSvgIcon-root"
              data-testid="ExpandMoreIcon"
              focusable="false"
              viewBox="0 0 24 24"
            >
              <path
                d="M16.59 8.59 12 13.17 7.41 8.59 6 10l6 6 6-6z"
              />
            </svg>
          </div>
        </div>
        <div
          className="MuiCollapse-root MuiCollapse-vertical MuiCollapse-hidden css-bz4dnt-MuiCollapse-root"
          style={
            Object {
              "minHeight": "0px",
            }
          }
        >
          <div
            className="MuiCollapse-wrapper MuiCollapse-vertical css-smkl36-MuiCollapse-wrapper"
          >
            <div
              className="MuiCollapse-wrapperInner MuiCollapse-vertical css-9l5vo-MuiCollapse-wrapperInner"
            >
              <div
                aria-labelledby="panel1a-header"
                className="MuiAccordion-region"
                id="panel1a-content"
                role="region"
              >
                <div
                  className="MuiAccordionDetails-root css-ta84vm-MuiAccordionDetails-root"
                >
                  ModelGroupConfigurator
                  AddModelGroupModal
                  EditModelGroupModal
                </div>
              </div>
            </div>
          </div>
        </div>
      </div>
      <div
        className="MuiPaper-root MuiPaper-elevation MuiPaper-elevation0 MuiAccordion-root css-1dm7ii1-MuiPaper-root-MuiAccordion-root"
        data-testid="section"
      >
        <div
          aria-controls="panel1a-content"
          aria-expanded={false}
          className="MuiButtonBase-root MuiAccordionSummary-root css-1icm36a-MuiButtonBase-root-MuiAccordionSummary-root"
          id="panel1a-header"
          onBlur={[Function]}
          onClick={[Function]}
          onContextMenu={[Function]}
          onDragLeave={[Function]}
          onFocus={[Function]}
          onKeyDown={[Function]}
          onKeyUp={[Function]}
          onMouseDown={[Function]}
          onMouseLeave={[Function]}
          onMouseUp={[Function]}
          onTouchEnd={[Function]}
          onTouchMove={[Function]}
          onTouchStart={[Function]}
          role="button"
          tabIndex={0}
        >
          <div
            className="MuiAccordionSummary-content css-1betqn-MuiAccordionSummary-content"
          >
            <p
              className="MuiTypography-root MuiTypography-body1 css-ahj2mt-MuiTypography-root"
            >
              FILTER DATA
            </p>
          </div>
          <div
            className="MuiAccordionSummary-expandIconWrapper css-yw020d-MuiAccordionSummary-expandIconWrapper"
          >
            <svg
              aria-hidden={true}
              className="MuiSvgIcon-root MuiSvgIcon-fontSizeMedium css-i4bv87-MuiSvgIcon-root"
              data-testid="ExpandMoreIcon"
              focusable="false"
              viewBox="0 0 24 24"
            >
              <path
                d="M16.59 8.59 12 13.17 7.41 8.59 6 10l6 6 6-6z"
              />
            </svg>
          </div>
        </div>
        <div
          className="MuiCollapse-root MuiCollapse-vertical MuiCollapse-hidden css-bz4dnt-MuiCollapse-root"
          style={
            Object {
              "minHeight": "0px",
            }
          }
        >
          <div
            className="MuiCollapse-wrapper MuiCollapse-vertical css-smkl36-MuiCollapse-wrapper"
          >
            <div
              className="MuiCollapse-wrapperInner MuiCollapse-vertical css-9l5vo-MuiCollapse-wrapperInner"
            >
              <div
                aria-labelledby="panel1a-header"
                className="MuiAccordion-region"
                id="panel1a-content"
                role="region"
              >
                <div
                  className="MuiAccordionDetails-root css-ta84vm-MuiAccordionDetails-root"
                >
                  <div
                    className="MuiDivider-root MuiDivider-fullWidth MuiDivider-withChildren css-1ws8119-MuiDivider-root"
                    role="separator"
                  >
                    <span
                      className="MuiDivider-wrapper css-qywfm8-MuiDivider-wrapper"
                    >
                      <p
                        className="MuiTypography-root MuiTypography-body1 css-ahj2mt-MuiTypography-root"
                      >
                        LATITUDE BAND
                      </p>
                    </span>
                  </div>
                  <div
                    className="MuiBox-root css-1n3sbe4"
                  >
                    <div
                      className="MuiFormControl-root css-q8hpuo-MuiFormControl-root"
                    >
                      <div
                        className="MuiOutlinedInput-root MuiInputBase-root MuiInputBase-colorPrimary MuiInputBase-formControl css-9ddj71-MuiInputBase-root-MuiOutlinedInput-root"
                        onClick={[Function]}
                      >
                        <div
                          aria-expanded="false"
                          aria-haspopup="listbox"
                          aria-labelledby="latitudeBandSelectorLabel latitudeBandSelector"
                          className="MuiSelect-select MuiSelect-outlined MuiOutlinedInput-input MuiInputBase-input css-11u53oe-MuiSelect-select-MuiInputBase-input-MuiOutlinedInput-input"
                          id="latitudeBandSelector"
                          onBlur={[Function]}
                          onFocus={[Function]}
                          onKeyDown={[Function]}
                          onMouseDown={[Function]}
                          role="button"
                          tabIndex={0}
                        >
                          <span
                            className="notranslate"
                            dangerouslySetInnerHTML={
                              Object {
                                "__html": "&#8203;",
                              }
                            }
                          />
                        </div>
                        <input
                          aria-hidden={true}
                          className="MuiSelect-nativeInput css-yf8vq0-MuiSelect-nativeInput"
                          disabled={false}
                          onAnimationStart={[Function]}
                          onChange={[Function]}
                          required={false}
                          tabIndex={-1}
                          value="0,0"
                        />
                        <svg
                          aria-hidden={true}
                          className="MuiSvgIcon-root MuiSvgIcon-fontSizeMedium MuiSelect-icon MuiSelect-iconOutlined css-hfutr2-MuiSvgIcon-root-MuiSelect-icon"
                          data-testid="ArrowDropDownIcon"
                          focusable="false"
                          viewBox="0 0 24 24"
                        >
                          <path
                            d="M7 10l5 5 5-5z"
                          />
                        </svg>
                        <fieldset
                          aria-hidden={true}
                          className="MuiOutlinedInput-notchedOutline css-1d3z3hw-MuiOutlinedInput-notchedOutline"
                        >
                          <legend
                            className="css-1z7n62"
                          >
                            <span>
                              LatitudeBand
                            </span>
                          </legend>
                        </fieldset>
                      </div>
                      <label
                        className="MuiInputLabel-root MuiInputLabel-formControl MuiInputLabel-animated MuiInputLabel-shrink MuiInputLabel-outlined MuiFormLabel-root MuiFormLabel-colorPrimary MuiFormLabel-filled css-1kty9di-MuiFormLabel-root-MuiInputLabel-root"
                        data-shrink={true}
                        id="latitudeBandSelectorLabel"
                      >
                        Latitude Band
                      </label>
                    </div>
                  </div>
                  TimeCheckBoxGroup
                </div>
              </div>
            </div>
          </div>
        </div>
      </div>
      <div
        className="MuiPaper-root MuiPaper-elevation MuiPaper-elevation0 MuiAccordion-root css-1dm7ii1-MuiPaper-root-MuiAccordion-root"
        data-testid="section"
      >
        <div
          aria-controls="panel1a-content"
          aria-expanded={false}
          className="MuiButtonBase-root MuiAccordionSummary-root css-1icm36a-MuiButtonBase-root-MuiAccordionSummary-root"
          id="panel1a-header"
          onBlur={[Function]}
          onClick={[Function]}
          onContextMenu={[Function]}
          onDragLeave={[Function]}
          onFocus={[Function]}
          onKeyDown={[Function]}
          onKeyUp={[Function]}
          onMouseDown={[Function]}
          onMouseLeave={[Function]}
          onMouseUp={[Function]}
          onTouchEnd={[Function]}
          onTouchMove={[Function]}
          onTouchStart={[Function]}
          role="button"
          tabIndex={0}
        >
          <div
            className="MuiAccordionSummary-content css-1betqn-MuiAccordionSummary-content"
          >
            <p
              className="MuiTypography-root MuiTypography-body1 css-ahj2mt-MuiTypography-root"
            >
              REFERENCE YEAR
            </p>
          </div>
          <div
            className="MuiAccordionSummary-expandIconWrapper css-yw020d-MuiAccordionSummary-expandIconWrapper"
          >
            <svg
              aria-hidden={true}
              className="MuiSvgIcon-root MuiSvgIcon-fontSizeMedium css-i4bv87-MuiSvgIcon-root"
              data-testid="ExpandMoreIcon"
              focusable="false"
              viewBox="0 0 24 24"
            >
              <path
                d="M16.59 8.59 12 13.17 7.41 8.59 6 10l6 6 6-6z"
              />
            </svg>
          </div>
        </div>
        <div
          className="MuiCollapse-root MuiCollapse-vertical MuiCollapse-hidden css-bz4dnt-MuiCollapse-root"
          style={
            Object {
              "minHeight": "0px",
            }
          }
        >
          <div
            className="MuiCollapse-wrapper MuiCollapse-vertical css-smkl36-MuiCollapse-wrapper"
          >
            <div
              className="MuiCollapse-wrapperInner MuiCollapse-vertical css-9l5vo-MuiCollapse-wrapperInner"
            >
              <div
                aria-labelledby="panel1a-header"
                className="MuiAccordion-region"
                id="panel1a-content"
                role="region"
              >
                <div
                  className="MuiAccordionDetails-root css-ta84vm-MuiAccordionDetails-root"
                >
                  ReferenceModelSelector
                  ReferenceYearSlider
                </div>
              </div>
            </div>
          </div>
        </div>
      </div>
      <button
        className="MuiButton-root MuiButton-outlined MuiButton-outlinedPrimary MuiButton-sizeMedium MuiButton-outlinedSizeMedium MuiButtonBase-root  css-126gm7o-MuiButtonBase-root-MuiButton-root"
        disabled={false}
        onBlur={[Function]}
        onClick={[Function]}
        onContextMenu={[Function]}
        onDragLeave={[Function]}
        onFocus={[Function]}
        onKeyDown={[Function]}
        onKeyUp={[Function]}
        onMouseDown={[Function]}
        onMouseLeave={[Function]}
        onMouseUp={[Function]}
        onTouchEnd={[Function]}
        onTouchMove={[Function]}
        onTouchStart={[Function]}
        tabIndex={0}
        type="button"
      >
        Download
      </button>
    </div>
  </div>,
  <div>
    Graph
  </div>,
]
`;
