// Jest Snapshot v1, https://goo.gl/fbAQLP

exports[`test ModelGroupCard rendering renders correctly 1`] = `
<div>
  <button
    class="MuiButton-root MuiButton-contained MuiButton-containedPrimary MuiButton-sizeMedium MuiButton-containedSizeMedium MuiButtonBase-root  css-1fu7jd5-MuiButtonBase-root-MuiButton-root"
    data-testid="ModelGroupConfigurator-addModelGroup-button"
    tabindex="0"
    type="button"
  >
    Add Model Group
    <span
      class="MuiTouchRipple-root css-8je8zh-MuiTouchRipple-root"
    />
  </button>
</div>
`;
