// Jest Snapshot v1, https://goo.gl/fbAQLP

exports[`test ErrorMessageModal component rendering renders as expected 1`] = `
<body
  style="padding-right: 1024px; overflow: hidden;"
>
  <div
    aria-hidden="true"
  />
  <div
    class="MuiModal-root css-79ws1d-MuiModal-root"
    role="presentation"
  >
    <div
      aria-hidden="true"
      class="MuiBackdrop-root css-i9fmh8-MuiBackdrop-root-MuiModal-backdrop"
      style="opacity: 1; webkit-transition: opacity 225ms cubic-bezier(0.4, 0, 0.2, 1) 0ms; transition: opacity 225ms cubic-bezier(0.4, 0, 0.2, 1) 0ms;"
    />
    <div
      data-test="sentinelStart"
      tabindex="0"
    />
    <div
      class="MuiPaper-root MuiPaper-elevation MuiPaper-rounded MuiPaper-elevation1 MuiCard-root css-1xb2fui-MuiPaper-root-MuiCard-root"
      tabindex="-1"
    >
      <div
        class="MuiGrid-root MuiGrid-container MuiGrid-direction-xs-column css-1vpwcmr-MuiGrid-root"
      >
        <div
          class="MuiGrid-root MuiGrid-item css-h814oq-MuiGrid-root"
        >
          <svg
            color="white"
            fill="currentColor"
            height="100"
            stroke="currentColor"
            stroke-width="0"
            style="color: white;"
            viewBox="0 0 512 512"
            width="100"
            xmlns="http://www.w3.org/2000/svg"
          >
            <path
              d="M448 256c0-106-86-192-192-192S64 150 64 256s86 192 192 192 192-86 192-192z"
              fill="none"
              stroke-miterlimit="10"
              stroke-width="32"
            />
            <path
              d="M320 320L192 192m0 128l128-128"
              fill="none"
              stroke-linecap="round"
              stroke-linejoin="round"
              stroke-width="32"
            />
          </svg>
        </div>
        <div
          class="MuiGrid-root MuiGrid-item css-11ewa74-MuiGrid-root"
        >
          <h3
            class="MuiTypography-root MuiTypography-h3 css-47suzj-MuiTypography-root"
          >
            Ooops!
          </h3>
          <br />
          <p
            class="MuiTypography-root MuiTypography-body1 css-ahj2mt-MuiTypography-root"
          />
        </div>
        <div
          class="MuiGrid-root MuiGrid-item css-1d9xmeq-MuiGrid-root"
        >
          <button
            class="MuiButton-root MuiButton-text MuiButton-textPrimary MuiButton-sizeMedium MuiButton-textSizeMedium MuiButtonBase-root  css-1e6y48t-MuiButtonBase-root-MuiButton-root"
            tabindex="0"
            type="button"
          >
            Dismiss
            <span
              class="MuiTouchRipple-root css-8je8zh-MuiTouchRipple-root"
            />
          </button>
        </div>
      </div>
    </div>
    <div
      data-test="sentinelEnd"
      tabindex="0"
    />
  </div>
</body>
`;
